209f63a817ff94e9e323b8ca4760ed846194e051|chore: update gitignore to exclude runtime generated images
680539e4060fa233f02c1837b0cbd91f514f71fb|perf: 鐎圭偟骞囨径姘卞殠缁嬪瀵查弨褰掆偓鐘叉嫲娣囶喖顦睵DF鐟佷礁澹€闂傤噣顣?951ffd257cbccf537ef3ac25bee75c8cf46bb0d5|Initial commit: Perler By Banana - 閹疯壈鐪撮崶鐐攳閻㈢喐鍨氱化鑽ょ埠 - 閺€顖涘瘮AI婢х偛宸遍妴渚€顤侀懝鎻掑爱闁板秲鈧礁娴樺鍫滅喘閸栨牕鎷伴幍鎾冲祪閸旂喕鍏?
